HTTP/1.1 412 Precondition Failed
content-length: 35
content-type: application/json
date: Fri, 19 Jun 2020 14:11:21 GMT

