HTTP/1.1 204 No Content
Content-Type: application/json
vary: Accept, Accept-Encoding, Accept-Charset, Accept-Language
Cache-control: no-cache
Date: Mon, 28 Jul 2025 10:52:41 GMT
content-length: 0
connection: keep-alive

